jai_ch925@HP:/mnt/d/Backend-Dev$ mkdir advanced-repo
jai_ch925@HP:/mnt/d/Backend-Dev$ cd advanced-repo
jai_ch925@HP:/mnt/d/Backend-Dev/advanced-repo$ git init
Initialized empty Git repository in /mnt/d/Backend-Dev/advanced-repo/.git/
jai_ch925@HP:/mnt/d/Backend-Dev/advanced-repo (main)$ touch app.js notes.txt
jai_ch925@HP:/mnt/d/Backend-Dev/advanced-repo (main)$ git add .
jai_ch925@HP:/mnt/d/Backend-Dev/advanced-repo (main)$ git commit -m Initial project files
[main (root-commit) e8f1234] Initial project files
 2 files changed, 0 insertions(+), 0 deletions(-)
 create mode 100644 app.js
 create mode 100644 notes.txt
jai_ch925@HP:/mnt/d/Backend-Dev/advanced-repo (main)$ touch .gitignore
jai_ch925@HP:/mnt/d/Backend-Dev/advanced-repo (main)$ echo notes.txt > .gitignore
jai_ch925@HP:/mnt/d/Backend-Dev/advanced-repo (main)$ git add .gitignore
jai_ch925@HP:/mnt/d/Backend-Dev/advanced-repo (main)$ git commit -m Added gitignore
[main f9a5678] Added gitignore
 1 file changed, 1 insertion(+)
 create mode 100644 .gitignore
jai_ch925@HP:/mnt/d/Backend-Dev/advanced-repo (main)$ echo Work in progress >> app.js
jai_ch925@HP:/mnt/d/Backend-Dev/advanced-repo (main)$ git stash
Saved working directory and index state WIP on main: f9a5678 Added gitignore
jai_ch925@HP:/mnt/d/Backend-Dev/advanced-repo (main)$ git stash list
stash@{0}: WIP on main: f9a5678 Added gitignore
jai_ch925@HP:/mnt/d/Backend-Dev/advanced-repo (main)$ git stash apply
On branch main
Changes not staged for commit:
  modified:   app.js (original)
no changes added to commit (use git add and/or git commit -a)
Dropped refs/stash@{0} (might have untracked files)
jai_ch925@HP:/mnt/d/Backend-Dev/advanced-repo (main)$ git add app.js
jai_ch925@HP:/mnt/d/Backend-Dev/advanced-repo (main)$ git commit -m Completed feature
[main 2b3c9d1] Completed feature
 1 file changed, 1 insertion(+)
jai_ch925@HP:/mnt/d/Backend-Dev/advanced-repo (main)$ git tag v1.0
jai_ch925@HP:/mnt/d/Backend-Dev/advanced-repo (main)$ git tag
v1.0
jai_ch925@HP:/mnt/d/Backend-Dev/advanced-repo (main)$

