jai_ch925@HP:/mnt$ cd d
jai_ch925@HP:/mnt/d$ cd Backend-Dev
jai_ch925@HP:/mnt/d/Backend-Dev$ cd Assignment
jai_ch925@HP:/mnt/d/Backend-Dev/Assignment$ mkdir git-practice
jai_ch925@HP:/mnt/d/Backend-Dev/Assignment$ cd git-practice
jai_ch925@HP:/mnt/d/Backend-Dev/Assignment/git-practice$ git init
hint: Using 'master' as the name for the initial branch. This default branch name
hint: is subject to change. To configure the initial branch name to use in all
hint: of your new repositories, which will suppress this warning, call:
hint:
hint:   git config --global init.defaultBranch <name>
hint:
hint: Names commonly chosen instead of 'master' are 'main', 'trunk' and
hint: 'development'. The just-created branch can be renamed via this command:
hint:
hint:   git branch -m <name>
Initialized empty Git repository in /mnt/d/Backend-Dev/Assignment/git-practice/.git/
jai_ch925@HP:/mnt/d/Backend-Dev/Assignment/git-practice$ touch README.md
jai_ch925@HP:/mnt/d/Backend-Dev/Assignment/git-practice$ git status
On branch master

No commits yet

Untracked files:
  (use "git add <file>..." to include in what will be committed)
        README.md

nothing added to commit but untracked files present (use "git add" to track)
jai_ch925@HP:/mnt/d/Backend-Dev/Assignment/git-practice$ git add README.md
jai_ch925@HP:/mnt/d/Backend-Dev/Assignment/git-practice$ git commit -m "added the README"
[master (root-commit) 2f6499d] added the README
 1 file changed, 0 insertions(+), 0 deletions(-)
 create mode 100644 README.md
jai_ch925@HP:/mnt/d/Backend-Dev/Assignment/git-practice$ echo ".." >>README.md
jai_ch925@HP:/mnt/d/Backend-Dev/Assignment/git-practice$ git status
On branch master
Changes not staged for commit:
  (use "git add <file>..." to update what will be committed)
  (use "git restore <file>..." to discard changes in working directory)
        modified:   README.md

no changes added to commit (use "git add" and/or "git commit -a")
jai_ch925@HP:/mnt/d/Backend-Dev/Assignment/git-practice$ git add README.md
jai_ch925@HP:/mnt/d/Backend-Dev/Assignment/git-practice$ git commit -m "READ
ME updated"
[master 4921272] README updated
 1 file changed, 1 insertion(+)
jai_ch925@HP:/mnt/d/Backend-Dev/Assignment/git-practice$ git log --oneline
4921272 (HEAD -> master) README updated
2f6499d added the README